
> school-paper-request-application@1.0.0 start
> node scripts/start.mjs

Starting the ASP.NET Core API and React frontend...
XAMPP MySQL and Camunda 7 must already be running.


> frontend@0.0.0 dev
> vite

Using launch settings from Backend\Properties\launchSettings.json...
Building...
[2m11:08:13 PM[22m [36m[1m[vite][22m[39m [90m[2m(client)[22m[39m Re-optimizing dependencies because vite config has changed

  [32m[1mVITE[22m v8.2.1[39m  [2mready in [0m[1m899[22m[2m[0m ms[22m

  [32m➜[39m  [1mLocal[22m:   [36mhttp://localhost:[1m3000[22m/[39m
[2m  [32m➜[39m  [1mNetwork[22m[2m: use [22m[1m--host[22m[2m to expose[22m
info: Microsoft.EntityFrameworkCore.Database.Command[20101]
      Executed DbCommand (14ms) [Parameters=[], CommandType='Text', CommandTimeout='30']
      SELECT GET_LOCK('__school_paper_requests_EFMigrationsLock', 259200)
info: Microsoft.EntityFrameworkCore.Database.Command[20101]
      Executed DbCommand (1ms) [Parameters=[], CommandType='Text', CommandTimeout='30']
      CREATE TABLE IF NOT EXISTS `__EFMigrationsHistory` (
          `MigrationId` varchar(150) CHARACTER SET utf8mb4 NOT NULL,
          `ProductVersion` varchar(32) CHARACTER SET utf8mb4 NOT NULL,
          CONSTRAINT `PK___EFMigrationsHistory` PRIMARY KEY (`MigrationId`)
      ) CHARACTER SET=utf8mb4;
info: Microsoft.EntityFrameworkCore.Database.Command[20101]
      Executed DbCommand (6ms) [Parameters=[], CommandType='Text', CommandTimeout='30']
      SELECT 1 FROM INFORMATION_SCHEMA.TABLES WHERE TABLE_SCHEMA='school_paper_requests' AND TABLE_NAME='__EFMigrationsHistory';
info: Microsoft.EntityFrameworkCore.Database.Command[20101]
      Executed DbCommand (5ms) [Parameters=[], CommandType='Text', CommandTimeout='30']
      SELECT `MigrationId`, `ProductVersion`
      FROM `__EFMigrationsHistory`
      ORDER BY `MigrationId`;
info: Microsoft.EntityFrameworkCore.Migrations[20405]
      No migrations were applied. The database is already up to date.
info: Microsoft.EntityFrameworkCore.Database.Command[20101]
      Executed DbCommand (1ms) [Parameters=[], CommandType='Text', CommandTimeout='30']
      SELECT RELEASE_LOCK('__school_paper_requests_EFMigrationsLock')
info: Microsoft.EntityFrameworkCore.Database.Command[20101]
      Executed DbCommand (1ms) [Parameters=[], CommandType='Text', CommandTimeout='30']
      SELECT EXISTS (
          SELECT 1
          FROM `Users` AS `u`)
info: Microsoft.EntityFrameworkCore.Database.Command[20101]
      Executed DbCommand (1ms) [Parameters=[], CommandType='Text', CommandTimeout='30']
      SELECT EXISTS (
          SELECT 1
          FROM `Services` AS `s`)
info: Microsoft.Hosting.Lifetime[14]
      Now listening on: http://localhost:5001
info: Microsoft.Hosting.Lifetime[0]
      Application started. Press Ctrl+C to shut down.
info: Microsoft.Hosting.Lifetime[0]
      Hosting environment: Development
info: Microsoft.Hosting.Lifetime[0]
      Content root path: C:\Users\Admin\Desktop\web month 2\Backend
info: Microsoft.EntityFrameworkCore.Database.Command[20101]
      Executed DbCommand (49ms) [Parameters=[@__payload_Subject_0='?' (Size = 100)], CommandType='Text', CommandTimeout='30']
      SELECT `u`.`Id`, `u`.`Email`, `u`.`FullName`, `u`.`GoogleSubject`, `u`.`PasswordHash`, `u`.`Role`
      FROM `Users` AS `u`
      WHERE `u`.`GoogleSubject` = @__payload_Subject_0
      LIMIT 2
info: Microsoft.EntityFrameworkCore.Database.Command[20101]
      Executed DbCommand (1ms) [Parameters=[@__email_0='?' (Size = 200)], CommandType='Text', CommandTimeout='30']
      SELECT `u`.`Id`, `u`.`Email`, `u`.`FullName`, `u`.`GoogleSubject`, `u`.`PasswordHash`, `u`.`Role`
      FROM `Users` AS `u`
      WHERE `u`.`Email` = @__email_0
      LIMIT 2
info: Microsoft.EntityFrameworkCore.Database.Command[20101]
      Executed DbCommand (1ms) [Parameters=[@__email_0='?' (Size = 200)], CommandType='Text', CommandTimeout='30']
      SELECT `p`.`Id`, `p`.`CodeHash`, `p`.`Email`, `p`.`ExpiresAt`, `p`.`FailedAttempts`, `p`.`FullName`, `p`.`GoogleSubject`, `p`.`LastSentAt`, `p`.`PasswordHash`
      FROM `PendingRegistrations` AS `p`
      WHERE `p`.`Email` = @__email_0
      LIMIT 2
info: Microsoft.EntityFrameworkCore.Database.Command[20101]
      Executed DbCommand (4ms) [Parameters=[@p0='?' (Size = 64), @p1='?' (Size = 200), @p2='?' (DbType = DateTime), @p3='?' (DbType = Int32), @p4='?' (Size = 100), @p5='?' (Size = 100), @p6='?' (DbType = DateTime), @p7='?' (Size = 4000)], CommandType='Text', CommandTimeout='30']
      INSERT INTO `PendingRegistrations` (`CodeHash`, `Email`, `ExpiresAt`, `FailedAttempts`, `FullName`, `GoogleSubject`, `LastSentAt`, `PasswordHash`)
      VALUES (@p0, @p1, @p2, @p3, @p4, @p5, @p6, @p7);
      SELECT `Id`
      FROM `PendingRegistrations`
      WHERE ROW_COUNT() = 1 AND `Id` = LAST_INSERT_ID();
info: Microsoft.EntityFrameworkCore.Database.Command[20101]
      Executed DbCommand (1ms) [Parameters=[@__payload_Subject_0='?' (Size = 100)], CommandType='Text', CommandTimeout='30']
      SELECT `u`.`Id`, `u`.`Email`, `u`.`FullName`, `u`.`GoogleSubject`, `u`.`PasswordHash`, `u`.`Role`
      FROM `Users` AS `u`
      WHERE `u`.`GoogleSubject` = @__payload_Subject_0
      LIMIT 2
info: Microsoft.EntityFrameworkCore.Database.Command[20101]
      Executed DbCommand (1ms) [Parameters=[@__email_0='?' (Size = 200)], CommandType='Text', CommandTimeout='30']
      SELECT `u`.`Id`, `u`.`Email`, `u`.`FullName`, `u`.`GoogleSubject`, `u`.`PasswordHash`, `u`.`Role`
      FROM `Users` AS `u`
      WHERE `u`.`Email` = @__email_0
      LIMIT 2
info: Microsoft.EntityFrameworkCore.Database.Command[20101]
      Executed DbCommand (1ms) [Parameters=[@__email_0='?' (Size = 200)], CommandType='Text', CommandTimeout='30']
      SELECT `p`.`Id`, `p`.`CodeHash`, `p`.`Email`, `p`.`ExpiresAt`, `p`.`FailedAttempts`, `p`.`FullName`, `p`.`GoogleSubject`, `p`.`LastSentAt`, `p`.`PasswordHash`
      FROM `PendingRegistrations` AS `p`
      WHERE `p`.`Email` = @__email_0
      LIMIT 2
info: Microsoft.EntityFrameworkCore.Database.Command[20101]
      Executed DbCommand (1ms) [Parameters=[@p0='?' (Size = 64), @p1='?' (Size = 200), @p2='?' (DbType = DateTime), @p3='?' (DbType = Int32), @p4='?' (Size = 100), @p5='?' (Size = 100), @p6='?' (DbType = DateTime), @p7='?' (Size = 4000)], CommandType='Text', CommandTimeout='30']
      INSERT INTO `PendingRegistrations` (`CodeHash`, `Email`, `ExpiresAt`, `FailedAttempts`, `FullName`, `GoogleSubject`, `LastSentAt`, `PasswordHash`)
      VALUES (@p0, @p1, @p2, @p3, @p4, @p5, @p6, @p7);
      SELECT `Id`
      FROM `PendingRegistrations`
      WHERE ROW_COUNT() = 1 AND `Id` = LAST_INSERT_ID();
info: Microsoft.EntityFrameworkCore.Database.Command[20101]
      Executed DbCommand (1ms) [Parameters=[@__payload_Subject_0='?' (Size = 100)], CommandType='Text', CommandTimeout='30']
      SELECT `u`.`Id`, `u`.`Email`, `u`.`FullName`, `u`.`GoogleSubject`, `u`.`PasswordHash`, `u`.`Role`
      FROM `Users` AS `u`
      WHERE `u`.`GoogleSubject` = @__payload_Subject_0
      LIMIT 2
info: Microsoft.EntityFrameworkCore.Database.Command[20101]
      Executed DbCommand (1ms) [Parameters=[@__email_0='?' (Size = 200)], CommandType='Text', CommandTimeout='30']
      SELECT `u`.`Id`, `u`.`Email`, `u`.`FullName`, `u`.`GoogleSubject`, `u`.`PasswordHash`, `u`.`Role`
      FROM `Users` AS `u`
      WHERE `u`.`Email` = @__email_0
      LIMIT 2
info: Microsoft.EntityFrameworkCore.Database.Command[20101]
      Executed DbCommand (1ms) [Parameters=[@__email_0='?' (Size = 200)], CommandType='Text', CommandTimeout='30']
      SELECT `p`.`Id`, `p`.`CodeHash`, `p`.`Email`, `p`.`ExpiresAt`, `p`.`FailedAttempts`, `p`.`FullName`, `p`.`GoogleSubject`, `p`.`LastSentAt`, `p`.`PasswordHash`
      FROM `PendingRegistrations` AS `p`
      WHERE `p`.`Email` = @__email_0
      LIMIT 2
info: Microsoft.EntityFrameworkCore.Database.Command[20101]
      Executed DbCommand (2ms) [Parameters=[@p3='?' (DbType = Int32), @p0='?' (Size = 64), @p1='?' (DbType = DateTime), @p2='?' (DbType = DateTime)], CommandType='Text', CommandTimeout='30']
      SET AUTOCOMMIT = 1;
      UPDATE `PendingRegistrations` SET `CodeHash` = @p0, `ExpiresAt` = @p1, `LastSentAt` = @p2
      WHERE `Id` = @p3;
      SELECT ROW_COUNT();
info: Microsoft.EntityFrameworkCore.Database.Command[20101]
      Executed DbCommand (1ms) [Parameters=[@__email_0='?' (Size = 200)], CommandType='Text', CommandTimeout='30']
      SELECT `p`.`Id`, `p`.`CodeHash`, `p`.`Email`, `p`.`ExpiresAt`, `p`.`FailedAttempts`, `p`.`FullName`, `p`.`GoogleSubject`, `p`.`LastSentAt`, `p`.`PasswordHash`
      FROM `PendingRegistrations` AS `p`
      WHERE `p`.`Email` = @__email_0
      LIMIT 2
info: Microsoft.EntityFrameworkCore.Database.Command[20101]
      Executed DbCommand (1ms) [Parameters=[@__email_0='?' (Size = 200)], CommandType='Text', CommandTimeout='30']
      SELECT `u`.`Id`, `u`.`Email`, `u`.`FullName`, `u`.`GoogleSubject`, `u`.`PasswordHash`, `u`.`Role`
      FROM `Users` AS `u`
      WHERE `u`.`Email` = @__email_0
      LIMIT 2
info: Microsoft.EntityFrameworkCore.Database.Command[20101]
      Executed DbCommand (1ms) [Parameters=[@p0='?' (DbType = Int32), @p2='?' (DbType = Int32), @p1='?' (Size = 100)], CommandType='Text', CommandTimeout='30']
      DELETE FROM `PendingRegistrations`
      WHERE `Id` = @p0;
      SELECT ROW_COUNT();
      
      UPDATE `Users` SET `GoogleSubject` = @p1
      WHERE `Id` = @p2;
      SELECT ROW_COUNT();
info: Microsoft.EntityFrameworkCore.Database.Command[20101]
      Executed DbCommand (1ms) [Parameters=[@__payload_Subject_0='?' (Size = 100)], CommandType='Text', CommandTimeout='30']
      SELECT `u`.`Id`, `u`.`Email`, `u`.`FullName`, `u`.`GoogleSubject`, `u`.`PasswordHash`, `u`.`Role`
      FROM `Users` AS `u`
      WHERE `u`.`GoogleSubject` = @__payload_Subject_0
      LIMIT 2
info: Microsoft.EntityFrameworkCore.Database.Command[20101]
      Executed DbCommand (1ms) [Parameters=[], CommandType='Text', CommandTimeout='30']
      SELECT `s`.`Id`, `s`.`Name`, `s`.`Description`
      FROM `Services` AS `s`
      ORDER BY `s`.`Name`
info: Microsoft.EntityFrameworkCore.Database.Command[20101]
      Executed DbCommand (1ms) [Parameters=[], CommandType='Text', CommandTimeout='30']
      SELECT `s`.`Id`, `s`.`Name`, `s`.`Description`
      FROM `Services` AS `s`
      ORDER BY `s`.`Name`
info: Microsoft.EntityFrameworkCore.Database.Command[20101]
      Executed DbCommand (1ms) [Parameters=[@__payload_Subject_0='?' (Size = 100)], CommandType='Text', CommandTimeout='30']
      SELECT `u`.`Id`, `u`.`Email`, `u`.`FullName`, `u`.`GoogleSubject`, `u`.`PasswordHash`, `u`.`Role`
      FROM `Users` AS `u`
      WHERE `u`.`GoogleSubject` = @__payload_Subject_0
      LIMIT 2
info: Microsoft.EntityFrameworkCore.Database.Command[20101]
      Executed DbCommand (1ms) [Parameters=[@__email_0='?' (Size = 200)], CommandType='Text', CommandTimeout='30']
      SELECT `u`.`Id`, `u`.`Email`, `u`.`FullName`, `u`.`GoogleSubject`, `u`.`PasswordHash`, `u`.`Role`
      FROM `Users` AS `u`
      WHERE `u`.`Email` = @__email_0
      LIMIT 2
info: Microsoft.EntityFrameworkCore.Database.Command[20101]
      Executed DbCommand (0ms) [Parameters=[@__email_0='?' (Size = 200)], CommandType='Text', CommandTimeout='30']
      SELECT `p`.`Id`, `p`.`CodeHash`, `p`.`Email`, `p`.`ExpiresAt`, `p`.`FailedAttempts`, `p`.`FullName`, `p`.`GoogleSubject`, `p`.`LastSentAt`, `p`.`PasswordHash`
      FROM `PendingRegistrations` AS `p`
      WHERE `p`.`Email` = @__email_0
      LIMIT 2
info: Microsoft.EntityFrameworkCore.Database.Command[20101]
      Executed DbCommand (3ms) [Parameters=[@p3='?' (DbType = Int32), @p0='?' (Size = 64), @p1='?' (DbType = DateTime), @p2='?' (DbType = DateTime)], CommandType='Text', CommandTimeout='30']
      SET AUTOCOMMIT = 1;
      UPDATE `PendingRegistrations` SET `CodeHash` = @p0, `ExpiresAt` = @p1, `LastSentAt` = @p2
      WHERE `Id` = @p3;
      SELECT ROW_COUNT();
info: Microsoft.EntityFrameworkCore.Database.Command[20101]
      Executed DbCommand (1ms) [Parameters=[@__email_0='?' (Size = 200)], CommandType='Text', CommandTimeout='30']
      SELECT `p`.`Id`, `p`.`CodeHash`, `p`.`Email`, `p`.`ExpiresAt`, `p`.`FailedAttempts`, `p`.`FullName`, `p`.`GoogleSubject`, `p`.`LastSentAt`, `p`.`PasswordHash`
      FROM `PendingRegistrations` AS `p`
      WHERE `p`.`Email` = @__email_0
      LIMIT 2
info: Microsoft.EntityFrameworkCore.Database.Command[20101]
      Executed DbCommand (1ms) [Parameters=[@__email_0='?' (Size = 200)], CommandType='Text', CommandTimeout='30']
      SELECT `u`.`Id`, `u`.`Email`, `u`.`FullName`, `u`.`GoogleSubject`, `u`.`PasswordHash`, `u`.`Role`
      FROM `Users` AS `u`
      WHERE `u`.`Email` = @__email_0
      LIMIT 2
info: Microsoft.EntityFrameworkCore.Database.Command[20101]
      Executed DbCommand (1ms) [Parameters=[@p0='?' (DbType = Int32), @p2='?' (DbType = Int32), @p1='?' (Size = 100)], CommandType='Text', CommandTimeout='30']
      DELETE FROM `PendingRegistrations`
      WHERE `Id` = @p0;
      SELECT ROW_COUNT();
      
      UPDATE `Users` SET `GoogleSubject` = @p1
      WHERE `Id` = @p2;
      SELECT ROW_COUNT();
info: Microsoft.EntityFrameworkCore.Database.Command[20101]
      Executed DbCommand (1ms) [Parameters=[], CommandType='Text', CommandTimeout='30']
      SELECT `s`.`Id`, `s`.`Name`, `s`.`Description`
      FROM `Services` AS `s`
      ORDER BY `s`.`Name`
info: Microsoft.EntityFrameworkCore.Database.Command[20101]
      Executed DbCommand (1ms) [Parameters=[], CommandType='Text', CommandTimeout='30']
      SELECT `s`.`Id`, `s`.`Name`, `s`.`Description`
      FROM `Services` AS `s`
      ORDER BY `s`.`Name`
info: Microsoft.EntityFrameworkCore.Database.Command[20101]
      Executed DbCommand (1ms) [Parameters=[@__payload_Subject_0='?' (Size = 100)], CommandType='Text', CommandTimeout='30']
      SELECT `u`.`Id`, `u`.`Email`, `u`.`FullName`, `u`.`GoogleSubject`, `u`.`PasswordHash`, `u`.`Role`
      FROM `Users` AS `u`
      WHERE `u`.`GoogleSubject` = @__payload_Subject_0
      LIMIT 2
info: Microsoft.EntityFrameworkCore.Database.Command[20101]
      Executed DbCommand (1ms) [Parameters=[], CommandType='Text', CommandTimeout='30']
      SELECT `s`.`Id`, `s`.`Name`, `s`.`Description`
      FROM `Services` AS `s`
      ORDER BY `s`.`Name`
info: Microsoft.EntityFrameworkCore.Database.Command[20101]
      Executed DbCommand (1ms) [Parameters=[], CommandType='Text', CommandTimeout='30']
      SELECT `s`.`Id`, `s`.`Name`, `s`.`Description`
      FROM `Services` AS `s`
      ORDER BY `s`.`Name`
info: Microsoft.EntityFrameworkCore.Database.Command[20101]
      Executed DbCommand (1ms) [Parameters=[@__email_0='?' (Size = 200)], CommandType='Text', CommandTimeout='30']
      SELECT `u`.`Id`, `u`.`Email`, `u`.`FullName`, `u`.`GoogleSubject`, `u`.`PasswordHash`, `u`.`Role`
      FROM `Users` AS `u`
      WHERE `u`.`Email` = @__email_0
      LIMIT 2
info: Microsoft.EntityFrameworkCore.Database.Command[20101]
      Executed DbCommand (1ms) [Parameters=[@__email_0='?' (Size = 200)], CommandType='Text', CommandTimeout='30']
      SELECT `p`.`Id`, `p`.`CodeHash`, `p`.`Email`, `p`.`ExpiresAt`, `p`.`FailedAttempts`, `p`.`LastSentAt`
      FROM `PasswordResets` AS `p`
      WHERE `p`.`Email` = @__email_0
      LIMIT 2
info: Microsoft.EntityFrameworkCore.Database.Command[20101]
      Executed DbCommand (1ms) [Parameters=[@p0='?' (Size = 64), @p1='?' (Size = 200), @p2='?' (DbType = DateTime), @p3='?' (DbType = Int32), @p4='?' (DbType = DateTime)], CommandType='Text', CommandTimeout='30']
      INSERT INTO `PasswordResets` (`CodeHash`, `Email`, `ExpiresAt`, `FailedAttempts`, `LastSentAt`)
      VALUES (@p0, @p1, @p2, @p3, @p4);
      SELECT `Id`
      FROM `PasswordResets`
      WHERE ROW_COUNT() = 1 AND `Id` = LAST_INSERT_ID();
info: Microsoft.EntityFrameworkCore.Database.Command[20101]
      Executed DbCommand (1ms) [Parameters=[@__email_0='?' (Size = 200)], CommandType='Text', CommandTimeout='30']
      SELECT `p`.`Id`, `p`.`CodeHash`, `p`.`Email`, `p`.`ExpiresAt`, `p`.`FailedAttempts`, `p`.`LastSentAt`
      FROM `PasswordResets` AS `p`
      WHERE `p`.`Email` = @__email_0
      LIMIT 2
info: Microsoft.EntityFrameworkCore.Database.Command[20101]
      Executed DbCommand (1ms) [Parameters=[@__email_0='?' (Size = 200)], CommandType='Text', CommandTimeout='30']
      SELECT `u`.`Id`, `u`.`Email`, `u`.`FullName`, `u`.`GoogleSubject`, `u`.`PasswordHash`, `u`.`Role`
      FROM `Users` AS `u`
      WHERE `u`.`Email` = @__email_0
      LIMIT 2
info: Microsoft.EntityFrameworkCore.Database.Command[20101]
      Executed DbCommand (1ms) [Parameters=[@p0='?' (DbType = Int32), @p2='?' (DbType = Int32), @p1='?' (Size = 4000)], CommandType='Text', CommandTimeout='30']
      DELETE FROM `PasswordResets`
      WHERE `Id` = @p0;
      SELECT ROW_COUNT();
      
      UPDATE `Users` SET `PasswordHash` = @p1
      WHERE `Id` = @p2;
      SELECT ROW_COUNT();
info: Microsoft.EntityFrameworkCore.Database.Command[20101]
      Executed DbCommand (1ms) [Parameters=[@__payload_Subject_0='?' (Size = 100)], CommandType='Text', CommandTimeout='30']
      SELECT `u`.`Id`, `u`.`Email`, `u`.`FullName`, `u`.`GoogleSubject`, `u`.`PasswordHash`, `u`.`Role`
      FROM `Users` AS `u`
      WHERE `u`.`GoogleSubject` = @__payload_Subject_0
      LIMIT 2
info: Microsoft.EntityFrameworkCore.Database.Command[20101]
      Executed DbCommand (1ms) [Parameters=[], CommandType='Text', CommandTimeout='30']
      SELECT `s`.`Id`, `s`.`Name`, `s`.`Description`
      FROM `Services` AS `s`
      ORDER BY `s`.`Name`
info: Microsoft.EntityFrameworkCore.Database.Command[20101]
      Executed DbCommand (1ms) [Parameters=[], CommandType='Text', CommandTimeout='30']
      SELECT `s`.`Id`, `s`.`Name`, `s`.`Description`
      FROM `Services` AS `s`
      ORDER BY `s`.`Name`
[2m11:13:28 PM[22m [36m[1m[vite][22m[39m [90m[2m(client)[22m[39m [32mhmr update [39m[2m/src/components/GoogleSignIn.jsx[22m
[2m11:13:29 PM[22m [36m[1m[vite][22m[39m [90m[2m(client)[22m[39m [32mhmr update [39m[2m/src/pages/Register.jsx[22m
