[2m11:09:23 PM[22m [33m[1m[vite][22m[39m [33m[2m(client)[22m[39m [2m[console.warn] [22m[GSI_LOGGER]: google.accounts.id.initialize() is called multiple times. This could cause unexpected behavior and only the last initialized instance will be used.
[2m11:09:43 PM[22m [33m[1m[vite][22m[39m [33m[2m(client)[22m[39m [2m[console.warn] [22m[GSI_LOGGER]: google.accounts.id.initialize() is called multiple times. This could cause unexpected behavior and only the last initialized instance will be used.
[2m11:09:58 PM[22m [33m[1m[vite][22m[39m [33m[2m(client)[22m[39m [2m[console.warn] [22m[GSI_LOGGER]: google.accounts.id.initialize() is called multiple times. This could cause unexpected behavior and only the last initialized instance will be used.
[2m11:10:37 PM[22m [33m[1m[vite][22m[39m [33m[2m(client)[22m[39m [2m[console.warn] [22m[GSI_LOGGER]: google.accounts.id.initialize() is called multiple times. This could cause unexpected behavior and only the last initialized instance will be used.
[2m11:10:47 PM[22m [33m[1m[vite][22m[39m [33m[2m(client)[22m[39m [2m[console.warn] [22m[GSI_LOGGER]: google.accounts.id.initialize() is called multiple times. This could cause unexpected behavior and only the last initialized instance will be used.
[2m11:11:16 PM[22m [33m[1m[vite][22m[39m [33m[2m(client)[22m[39m [2m[console.warn] [22m[GSI_LOGGER]: google.accounts.id.initialize() is called multiple times. This could cause unexpected behavior and only the last initialized instance will be used.
[2m11:11:28 PM[22m [33m[1m[vite][22m[39m [33m[2m(client)[22m[39m [2m[console.warn] [22m[GSI_LOGGER]: google.accounts.id.initialize() is called multiple times. This could cause unexpected behavior and only the last initialized instance will be used.
[2m11:13:29 PM[22m [31m[1m[vite][22m[39m [31m[2m(client)[22m[39m [2m[console.error] [22mThe final argument passed to useEffect changed size between renders. The order and size of this array must remain constant.

Previous: [login(data) {
			localStorage.setItem("token", data.token);
			localStorage.setItem("user", JSON.stringify(data.user));
			setUser(data.user);
		}, (to, options = {}) => {
		warning(activeRef.current, navigateEffectWarning);
		if (!activeRef.current) return;
		if (typeof to === "number") {
			navigator.go(to);
			return;
		}
		let path = resolveTo(to, JSON.parse(routePathnamesJson), locationPathname, options.relative === "path");
		if (dataRouterContext == null && basename !== "/") path.pathname = path.pathname === "/" ? basename : joinPaths([basename, path.pathname]);
		(!!options.replace ? navigator.replace : navigator.push)(path, options.state, options);
	}, function () { [native code] }]
Incoming: [false, login(data) {
			localStorage.setItem("token", data.token);
			localStorage.setItem("user", JSON.stringify(data.user));
			setUser(data.user);
		}, (to, options = {}) => {
		warning(activeRef.current, navigateEffectWarning);
		if (!activeRef.current) return;
		if (typeof to === "number") {
			navigator.go(to);
			return;
		}
		let path = resolveTo(to, JSON.parse(routePathnamesJson), locationPathname, options.relative === "path");
		if (dataRouterContext == null && basename !== "/") path.pathname = path.pathname === "/" ? basename : joinPaths([basename, path.pathname]);
		(!!options.replace ? navigator.replace : navigator.push)(path, options.state, options);
	}, function () { [native code] }]
[2m11:13:29 PM[22m [33m[1m[vite][22m[39m [33m[2m(client)[22m[39m [2m[console.warn] [22m[GSI_LOGGER]: google.accounts.id.initialize() is called multiple times. This could cause unexpected behavior and only the last initialized instance will be used.
Backend stopped with exit code 4294967295.
