info: Microsoft.EntityFrameworkCore.Database.Command[20101]
      Executed DbCommand (12ms) [Parameters=[], CommandType='Text', CommandTimeout='30']
      SELECT GET_LOCK('__school_paper_requests_EFMigrationsLock', 259200)
info: Microsoft.EntityFrameworkCore.Database.Command[20101]
      Executed DbCommand (1ms) [Parameters=[], CommandType='Text', CommandTimeout='30']
      CREATE TABLE IF NOT EXISTS `__EFMigrationsHistory` (
          `MigrationId` varchar(150) CHARACTER SET utf8mb4 NOT NULL,
          `ProductVersion` varchar(32) CHARACTER SET utf8mb4 NOT NULL,
          CONSTRAINT `PK___EFMigrationsHistory` PRIMARY KEY (`MigrationId`)
      ) CHARACTER SET=utf8mb4;
info: Microsoft.EntityFrameworkCore.Database.Command[20101]
      Executed DbCommand (4ms) [Parameters=[], CommandType='Text', CommandTimeout='30']
      SELECT 1 FROM INFORMATION_SCHEMA.TABLES WHERE TABLE_SCHEMA='school_paper_requests' AND TABLE_NAME='__EFMigrationsHistory';
info: Microsoft.EntityFrameworkCore.Database.Command[20101]
      Executed DbCommand (4ms) [Parameters=[], CommandType='Text', CommandTimeout='30']
      SELECT `MigrationId`, `ProductVersion`
      FROM `__EFMigrationsHistory`
      ORDER BY `MigrationId`;
info: Microsoft.EntityFrameworkCore.Migrations[20405]
      No migrations were applied. The database is already up to date.
info: Microsoft.EntityFrameworkCore.Database.Command[20101]
      Executed DbCommand (1ms) [Parameters=[], CommandType='Text', CommandTimeout='30']
      SELECT RELEASE_LOCK('__school_paper_requests_EFMigrationsLock')
info: Microsoft.EntityFrameworkCore.Database.Command[20101]
      Executed DbCommand (1ms) [Parameters=[], CommandType='Text', CommandTimeout='30']
      SELECT EXISTS (
          SELECT 1
          FROM `Users` AS `u`)
info: Microsoft.EntityFrameworkCore.Database.Command[20101]
      Executed DbCommand (1ms) [Parameters=[], CommandType='Text', CommandTimeout='30']
      SELECT EXISTS (
          SELECT 1
          FROM `Services` AS `s`)
info: Microsoft.Hosting.Lifetime[14]
      Now listening on: http://localhost:5001
info: Microsoft.Hosting.Lifetime[0]
      Application started. Press Ctrl+C to shut down.
info: Microsoft.Hosting.Lifetime[0]
      Hosting environment: Development
info: Microsoft.Hosting.Lifetime[0]
      Content root path: C:\Users\Admin\Desktop\web month 2\Backend
info: Microsoft.EntityFrameworkCore.Database.Command[20101]
      Executed DbCommand (22ms) [Parameters=[@__p_0='?' (DbType = Int32)], CommandType='Text', CommandTimeout='30']
      SELECT `r`.`Id`, `r`.`Address`, `r`.`AdminComment`, `r`.`CamundaProcessInstanceId`, `r`.`CreatedAt`, `r`.`Grade`, `r`.`Note`, `r`.`PhoneNumber`, `r`.`ResultImage`, `r`.`ResultImageContentType`, `r`.`ResultImageFileName`, `r`.`ServiceId`, `r`.`Status`, `r`.`StudentId`
      FROM `Requests` AS `r`
      WHERE `r`.`Id` = @__p_0
      LIMIT 1
info: Microsoft.EntityFrameworkCore.Database.Command[20101]
      Executed DbCommand (1ms) [Parameters=[@__p_0='?' (DbType = Int32)], CommandType='Text', CommandTimeout='30']
      SELECT `r`.`Id`, `r`.`Address`, `r`.`AdminComment`, `r`.`CamundaProcessInstanceId`, `r`.`CreatedAt`, `r`.`Grade`, `r`.`Note`, `r`.`PhoneNumber`, `r`.`ResultImage`, `r`.`ResultImageContentType`, `r`.`ResultImageFileName`, `r`.`ServiceId`, `r`.`Status`, `r`.`StudentId`
      FROM `Requests` AS `r`
      WHERE `r`.`Id` = @__p_0
      LIMIT 1
info: Microsoft.EntityFrameworkCore.Database.Command[20101]
      Executed DbCommand (3ms) [Parameters=[@p2='?' (DbType = Int32), @p0='?' (Size = 50), @p1='?' (Size = 100)], CommandType='Text', CommandTimeout='30']
      SET AUTOCOMMIT = 1;
      UPDATE `Requests` SET `ResultImageContentType` = @p0, `ResultImageFileName` = @p1
      WHERE `Id` = @p2;
      SELECT ROW_COUNT();
info: Microsoft.EntityFrameworkCore.Database.Command[20101]
      Executed DbCommand (1ms) [Parameters=[], CommandType='Text', CommandTimeout='30']
      SELECT `r`.`Id`, `u`.`FullName`, `u`.`Email`, `r`.`ServiceId`, `s`.`Name`, `r`.`PhoneNumber`, `r`.`Grade`, `r`.`Address`, `r`.`Note`, `r`.`Status`, `r`.`AdminComment`, `r`.`ResultImageFileName` IS NOT NULL, `r`.`CreatedAt`
      FROM `Requests` AS `r`
      INNER JOIN `Users` AS `u` ON `r`.`StudentId` = `u`.`Id`
      INNER JOIN `Services` AS `s` ON `r`.`ServiceId` = `s`.`Id`
      ORDER BY `r`.`CreatedAt` DESC
info: Microsoft.EntityFrameworkCore.Database.Command[20101]
      Executed DbCommand (1ms) [Parameters=[@__payload_Subject_0='?' (Size = 100)], CommandType='Text', CommandTimeout='30']
      SELECT `u`.`Id`, `u`.`Email`, `u`.`FullName`, `u`.`GoogleSubject`, `u`.`PasswordHash`, `u`.`Role`
      FROM `Users` AS `u`
      WHERE `u`.`GoogleSubject` = @__payload_Subject_0
      LIMIT 2
info: Microsoft.EntityFrameworkCore.Database.Command[20101]
      Executed DbCommand (1ms) [Parameters=[], CommandType='Text', CommandTimeout='30']
      SELECT `s`.`Id`, `s`.`Name`, `s`.`Description`
      FROM `Services` AS `s`
      ORDER BY `s`.`Name`
info: Microsoft.EntityFrameworkCore.Database.Command[20101]
      Executed DbCommand (1ms) [Parameters=[], CommandType='Text', CommandTimeout='30']
      SELECT `s`.`Id`, `s`.`Name`, `s`.`Description`
      FROM `Services` AS `s`
      ORDER BY `s`.`Name`
info: Microsoft.EntityFrameworkCore.Database.Command[20101]
      Executed DbCommand (1ms) [Parameters=[], CommandType='Text', CommandTimeout='30']
      SELECT `r`.`Id`, `r`.`ServiceId`, `s`.`Name`, `r`.`PhoneNumber`, `r`.`Grade`, `r`.`Address`, `r`.`Note`, `r`.`Status`, `r`.`AdminComment`, `r`.`ResultImageFileName` IS NOT NULL, `r`.`CreatedAt`
      FROM `Requests` AS `r`
      INNER JOIN `Services` AS `s` ON `r`.`ServiceId` = `s`.`Id`
      WHERE `r`.`StudentId` = 11
      ORDER BY `r`.`CreatedAt` DESC
info: Microsoft.EntityFrameworkCore.Database.Command[20101]
      Executed DbCommand (1ms) [Parameters=[], CommandType='Text', CommandTimeout='30']
      SELECT `r`.`Id`, `r`.`ServiceId`, `s`.`Name`, `r`.`PhoneNumber`, `r`.`Grade`, `r`.`Address`, `r`.`Note`, `r`.`Status`, `r`.`AdminComment`, `r`.`ResultImageFileName` IS NOT NULL, `r`.`CreatedAt`
      FROM `Requests` AS `r`
      INNER JOIN `Services` AS `s` ON `r`.`ServiceId` = `s`.`Id`
      WHERE `r`.`StudentId` = 11
      ORDER BY `r`.`CreatedAt` DESC
info: Microsoft.EntityFrameworkCore.Database.Command[20101]
      Executed DbCommand (1ms) [Parameters=[], CommandType='Text', CommandTimeout='30']
      SELECT `r`.`Id`, `r`.`ServiceId`, `s`.`Name`, `r`.`PhoneNumber`, `r`.`Grade`, `r`.`Address`, `r`.`Note`, `r`.`Status`, `r`.`AdminComment`, `r`.`ResultImageFileName` IS NOT NULL, `r`.`CreatedAt`
      FROM `Requests` AS `r`
      INNER JOIN `Services` AS `s` ON `r`.`ServiceId` = `s`.`Id`
      WHERE `r`.`StudentId` = 11
      ORDER BY `r`.`CreatedAt` DESC
info: Microsoft.EntityFrameworkCore.Database.Command[20101]
      Executed DbCommand (1ms) [Parameters=[@__id_0='?' (DbType = Int32)], CommandType='Text', CommandTimeout='30']
      SELECT `r`.`Status`, `r`.`ResultImage`, `r`.`ResultImageContentType`, `r`.`ResultImageFileName`
      FROM `Requests` AS `r`
      WHERE (`r`.`Id` = @__id_0) AND (`r`.`StudentId` = 11)
      LIMIT 2
info: Microsoft.EntityFrameworkCore.Database.Command[20101]
      Executed DbCommand (1ms) [Parameters=[], CommandType='Text', CommandTimeout='30']
      SELECT `r`.`Id`, `r`.`ServiceId`, `s`.`Name`, `r`.`PhoneNumber`, `r`.`Grade`, `r`.`Address`, `r`.`Note`, `r`.`Status`, `r`.`AdminComment`, `r`.`ResultImageFileName` IS NOT NULL, `r`.`CreatedAt`
      FROM `Requests` AS `r`
      INNER JOIN `Services` AS `s` ON `r`.`ServiceId` = `s`.`Id`
      WHERE `r`.`StudentId` = 11
      ORDER BY `r`.`CreatedAt` DESC
info: Microsoft.EntityFrameworkCore.Database.Command[20101]
      Executed DbCommand (1ms) [Parameters=[], CommandType='Text', CommandTimeout='30']
      SELECT `r`.`Id`, `r`.`ServiceId`, `s`.`Name`, `r`.`PhoneNumber`, `r`.`Grade`, `r`.`Address`, `r`.`Note`, `r`.`Status`, `r`.`AdminComment`, `r`.`ResultImageFileName` IS NOT NULL, `r`.`CreatedAt`
      FROM `Requests` AS `r`
      INNER JOIN `Services` AS `s` ON `r`.`ServiceId` = `s`.`Id`
      WHERE `r`.`StudentId` = 11
      ORDER BY `r`.`CreatedAt` DESC
info: Microsoft.EntityFrameworkCore.Database.Command[20101]
      Executed DbCommand (1ms) [Parameters=[], CommandType='Text', CommandTimeout='30']
      SELECT `r`.`Id`, `r`.`ServiceId`, `s`.`Name`, `r`.`PhoneNumber`, `r`.`Grade`, `r`.`Address`, `r`.`Note`, `r`.`Status`, `r`.`AdminComment`, `r`.`ResultImageFileName` IS NOT NULL, `r`.`CreatedAt`
      FROM `Requests` AS `r`
      INNER JOIN `Services` AS `s` ON `r`.`ServiceId` = `s`.`Id`
      WHERE `r`.`StudentId` = 11
      ORDER BY `r`.`CreatedAt` DESC
info: Microsoft.EntityFrameworkCore.Database.Command[20101]
      Executed DbCommand (1ms) [Parameters=[], CommandType='Text', CommandTimeout='30']
      SELECT `r`.`Id`, `r`.`ServiceId`, `s`.`Name`, `r`.`PhoneNumber`, `r`.`Grade`, `r`.`Address`, `r`.`Note`, `r`.`Status`, `r`.`AdminComment`, `r`.`ResultImageFileName` IS NOT NULL, `r`.`CreatedAt`
      FROM `Requests` AS `r`
      INNER JOIN `Services` AS `s` ON `r`.`ServiceId` = `s`.`Id`
      WHERE `r`.`StudentId` = 11
      ORDER BY `r`.`CreatedAt` DESC
info: Microsoft.EntityFrameworkCore.Database.Command[20101]
      Executed DbCommand (1ms) [Parameters=[], CommandType='Text', CommandTimeout='30']
      SELECT `r`.`Id`, `r`.`ServiceId`, `s`.`Name`, `r`.`PhoneNumber`, `r`.`Grade`, `r`.`Address`, `r`.`Note`, `r`.`Status`, `r`.`AdminComment`, `r`.`ResultImageFileName` IS NOT NULL, `r`.`CreatedAt`
      FROM `Requests` AS `r`
      INNER JOIN `Services` AS `s` ON `r`.`ServiceId` = `s`.`Id`
      WHERE `r`.`StudentId` = 11
      ORDER BY `r`.`CreatedAt` DESC
info: Microsoft.EntityFrameworkCore.Database.Command[20101]
      Executed DbCommand (1ms) [Parameters=[], CommandType='Text', CommandTimeout='30']
      SELECT `r`.`Id`, `r`.`ServiceId`, `s`.`Name`, `r`.`PhoneNumber`, `r`.`Grade`, `r`.`Address`, `r`.`Note`, `r`.`Status`, `r`.`AdminComment`, `r`.`ResultImageFileName` IS NOT NULL, `r`.`CreatedAt`
      FROM `Requests` AS `r`
      INNER JOIN `Services` AS `s` ON `r`.`ServiceId` = `s`.`Id`
      WHERE `r`.`StudentId` = 11
      ORDER BY `r`.`CreatedAt` DESC
info: Microsoft.EntityFrameworkCore.Database.Command[20101]
      Executed DbCommand (1ms) [Parameters=[], CommandType='Text', CommandTimeout='30']
      SELECT `r`.`Id`, `r`.`ServiceId`, `s`.`Name`, `r`.`PhoneNumber`, `r`.`Grade`, `r`.`Address`, `r`.`Note`, `r`.`Status`, `r`.`AdminComment`, `r`.`ResultImageFileName` IS NOT NULL, `r`.`CreatedAt`
      FROM `Requests` AS `r`
      INNER JOIN `Services` AS `s` ON `r`.`ServiceId` = `s`.`Id`
      WHERE `r`.`StudentId` = 11
      ORDER BY `r`.`CreatedAt` DESC
info: Microsoft.EntityFrameworkCore.Database.Command[20101]
      Executed DbCommand (1ms) [Parameters=[], CommandType='Text', CommandTimeout='30']
      SELECT `r`.`Id`, `r`.`ServiceId`, `s`.`Name`, `r`.`PhoneNumber`, `r`.`Grade`, `r`.`Address`, `r`.`Note`, `r`.`Status`, `r`.`AdminComment`, `r`.`ResultImageFileName` IS NOT NULL, `r`.`CreatedAt`
      FROM `Requests` AS `r`
      INNER JOIN `Services` AS `s` ON `r`.`ServiceId` = `s`.`Id`
      WHERE `r`.`StudentId` = 11
      ORDER BY `r`.`CreatedAt` DESC
info: Microsoft.EntityFrameworkCore.Database.Command[20101]
      Executed DbCommand (1ms) [Parameters=[], CommandType='Text', CommandTimeout='30']
      SELECT `r`.`Id`, `r`.`ServiceId`, `s`.`Name`, `r`.`PhoneNumber`, `r`.`Grade`, `r`.`Address`, `r`.`Note`, `r`.`Status`, `r`.`AdminComment`, `r`.`ResultImageFileName` IS NOT NULL, `r`.`CreatedAt`
      FROM `Requests` AS `r`
      INNER JOIN `Services` AS `s` ON `r`.`ServiceId` = `s`.`Id`
      WHERE `r`.`StudentId` = 11
      ORDER BY `r`.`CreatedAt` DESC
info: Microsoft.EntityFrameworkCore.Database.Command[20101]
      Executed DbCommand (1ms) [Parameters=[], CommandType='Text', CommandTimeout='30']
      SELECT `r`.`Id`, `r`.`ServiceId`, `s`.`Name`, `r`.`PhoneNumber`, `r`.`Grade`, `r`.`Address`, `r`.`Note`, `r`.`Status`, `r`.`AdminComment`, `r`.`ResultImageFileName` IS NOT NULL, `r`.`CreatedAt`
      FROM `Requests` AS `r`
      INNER JOIN `Services` AS `s` ON `r`.`ServiceId` = `s`.`Id`
      WHERE `r`.`StudentId` = 11
      ORDER BY `r`.`CreatedAt` DESC
info: Microsoft.EntityFrameworkCore.Database.Command[20101]
      Executed DbCommand (1ms) [Parameters=[], CommandType='Text', CommandTimeout='30']
      SELECT `r`.`Id`, `r`.`ServiceId`, `s`.`Name`, `r`.`PhoneNumber`, `r`.`Grade`, `r`.`Address`, `r`.`Note`, `r`.`Status`, `r`.`AdminComment`, `r`.`ResultImageFileName` IS NOT NULL, `r`.`CreatedAt`
      FROM `Requests` AS `r`
      INNER JOIN `Services` AS `s` ON `r`.`ServiceId` = `s`.`Id`
      WHERE `r`.`StudentId` = 11
      ORDER BY `r`.`CreatedAt` DESC
info: Microsoft.EntityFrameworkCore.Database.Command[20101]
      Executed DbCommand (1ms) [Parameters=[], CommandType='Text', CommandTimeout='30']
      SELECT `r`.`Id`, `r`.`ServiceId`, `s`.`Name`, `r`.`PhoneNumber`, `r`.`Grade`, `r`.`Address`, `r`.`Note`, `r`.`Status`, `r`.`AdminComment`, `r`.`ResultImageFileName` IS NOT NULL, `r`.`CreatedAt`
      FROM `Requests` AS `r`
      INNER JOIN `Services` AS `s` ON `r`.`ServiceId` = `s`.`Id`
      WHERE `r`.`StudentId` = 11
      ORDER BY `r`.`CreatedAt` DESC
info: Microsoft.EntityFrameworkCore.Database.Command[20101]
      Executed DbCommand (1ms) [Parameters=[], CommandType='Text', CommandTimeout='30']
      SELECT `r`.`Id`, `r`.`ServiceId`, `s`.`Name`, `r`.`PhoneNumber`, `r`.`Grade`, `r`.`Address`, `r`.`Note`, `r`.`Status`, `r`.`AdminComment`, `r`.`ResultImageFileName` IS NOT NULL, `r`.`CreatedAt`
      FROM `Requests` AS `r`
      INNER JOIN `Services` AS `s` ON `r`.`ServiceId` = `s`.`Id`
      WHERE `r`.`StudentId` = 11
      ORDER BY `r`.`CreatedAt` DESC
info: Microsoft.EntityFrameworkCore.Database.Command[20101]
      Executed DbCommand (1ms) [Parameters=[], CommandType='Text', CommandTimeout='30']
      SELECT `r`.`Id`, `r`.`ServiceId`, `s`.`Name`, `r`.`PhoneNumber`, `r`.`Grade`, `r`.`Address`, `r`.`Note`, `r`.`Status`, `r`.`AdminComment`, `r`.`ResultImageFileName` IS NOT NULL, `r`.`CreatedAt`
      FROM `Requests` AS `r`
      INNER JOIN `Services` AS `s` ON `r`.`ServiceId` = `s`.`Id`
      WHERE `r`.`StudentId` = 11
      ORDER BY `r`.`CreatedAt` DESC
info: Microsoft.EntityFrameworkCore.Database.Command[20101]
      Executed DbCommand (1ms) [Parameters=[], CommandType='Text', CommandTimeout='30']
      SELECT `r`.`Id`, `r`.`ServiceId`, `s`.`Name`, `r`.`PhoneNumber`, `r`.`Grade`, `r`.`Address`, `r`.`Note`, `r`.`Status`, `r`.`AdminComment`, `r`.`ResultImageFileName` IS NOT NULL, `r`.`CreatedAt`
      FROM `Requests` AS `r`
      INNER JOIN `Services` AS `s` ON `r`.`ServiceId` = `s`.`Id`
      WHERE `r`.`StudentId` = 11
      ORDER BY `r`.`CreatedAt` DESC
info: Microsoft.EntityFrameworkCore.Database.Command[20101]
      Executed DbCommand (1ms) [Parameters=[], CommandType='Text', CommandTimeout='30']
      SELECT `r`.`Id`, `r`.`ServiceId`, `s`.`Name`, `r`.`PhoneNumber`, `r`.`Grade`, `r`.`Address`, `r`.`Note`, `r`.`Status`, `r`.`AdminComment`, `r`.`ResultImageFileName` IS NOT NULL, `r`.`CreatedAt`
      FROM `Requests` AS `r`
      INNER JOIN `Services` AS `s` ON `r`.`ServiceId` = `s`.`Id`
      WHERE `r`.`StudentId` = 11
      ORDER BY `r`.`CreatedAt` DESC
info: Microsoft.EntityFrameworkCore.Database.Command[20101]
      Executed DbCommand (1ms) [Parameters=[], CommandType='Text', CommandTimeout='30']
      SELECT `r`.`Id`, `r`.`ServiceId`, `s`.`Name`, `r`.`PhoneNumber`, `r`.`Grade`, `r`.`Address`, `r`.`Note`, `r`.`Status`, `r`.`AdminComment`, `r`.`ResultImageFileName` IS NOT NULL, `r`.`CreatedAt`
      FROM `Requests` AS `r`
      INNER JOIN `Services` AS `s` ON `r`.`ServiceId` = `s`.`Id`
      WHERE `r`.`StudentId` = 11
      ORDER BY `r`.`CreatedAt` DESC
info: Microsoft.EntityFrameworkCore.Database.Command[20101]
      Executed DbCommand (1ms) [Parameters=[], CommandType='Text', CommandTimeout='30']
      SELECT `r`.`Id`, `r`.`ServiceId`, `s`.`Name`, `r`.`PhoneNumber`, `r`.`Grade`, `r`.`Address`, `r`.`Note`, `r`.`Status`, `r`.`AdminComment`, `r`.`ResultImageFileName` IS NOT NULL, `r`.`CreatedAt`
      FROM `Requests` AS `r`
      INNER JOIN `Services` AS `s` ON `r`.`ServiceId` = `s`.`Id`
      WHERE `r`.`StudentId` = 11
      ORDER BY `r`.`CreatedAt` DESC
info: Microsoft.EntityFrameworkCore.Database.Command[20101]
      Executed DbCommand (1ms) [Parameters=[], CommandType='Text', CommandTimeout='30']
      SELECT `r`.`Id`, `r`.`ServiceId`, `s`.`Name`, `r`.`PhoneNumber`, `r`.`Grade`, `r`.`Address`, `r`.`Note`, `r`.`Status`, `r`.`AdminComment`, `r`.`ResultImageFileName` IS NOT NULL, `r`.`CreatedAt`
      FROM `Requests` AS `r`
      INNER JOIN `Services` AS `s` ON `r`.`ServiceId` = `s`.`Id`
      WHERE `r`.`StudentId` = 11
      ORDER BY `r`.`CreatedAt` DESC
info: Microsoft.EntityFrameworkCore.Database.Command[20101]
      Executed DbCommand (1ms) [Parameters=[], CommandType='Text', CommandTimeout='30']
      SELECT `r`.`Id`, `r`.`ServiceId`, `s`.`Name`, `r`.`PhoneNumber`, `r`.`Grade`, `r`.`Address`, `r`.`Note`, `r`.`Status`, `r`.`AdminComment`, `r`.`ResultImageFileName` IS NOT NULL, `r`.`CreatedAt`
      FROM `Requests` AS `r`
      INNER JOIN `Services` AS `s` ON `r`.`ServiceId` = `s`.`Id`
      WHERE `r`.`StudentId` = 11
      ORDER BY `r`.`CreatedAt` DESC
info: Microsoft.EntityFrameworkCore.Database.Command[20101]
      Executed DbCommand (1ms) [Parameters=[], CommandType='Text', CommandTimeout='30']
      SELECT `r`.`Id`, `r`.`ServiceId`, `s`.`Name`, `r`.`PhoneNumber`, `r`.`Grade`, `r`.`Address`, `r`.`Note`, `r`.`Status`, `r`.`AdminComment`, `r`.`ResultImageFileName` IS NOT NULL, `r`.`CreatedAt`
      FROM `Requests` AS `r`
      INNER JOIN `Services` AS `s` ON `r`.`ServiceId` = `s`.`Id`
      WHERE `r`.`StudentId` = 11
      ORDER BY `r`.`CreatedAt` DESC
info: Microsoft.EntityFrameworkCore.Database.Command[20101]
      Executed DbCommand (1ms) [Parameters=[], CommandType='Text', CommandTimeout='30']
      SELECT `r`.`Id`, `r`.`ServiceId`, `s`.`Name`, `r`.`PhoneNumber`, `r`.`Grade`, `r`.`Address`, `r`.`Note`, `r`.`Status`, `r`.`AdminComment`, `r`.`ResultImageFileName` IS NOT NULL, `r`.`CreatedAt`
      FROM `Requests` AS `r`
      INNER JOIN `Services` AS `s` ON `r`.`ServiceId` = `s`.`Id`
      WHERE `r`.`StudentId` = 11
      ORDER BY `r`.`CreatedAt` DESC
info: Microsoft.EntityFrameworkCore.Database.Command[20101]
      Executed DbCommand (1ms) [Parameters=[], CommandType='Text', CommandTimeout='30']
      SELECT `r`.`Id`, `r`.`ServiceId`, `s`.`Name`, `r`.`PhoneNumber`, `r`.`Grade`, `r`.`Address`, `r`.`Note`, `r`.`Status`, `r`.`AdminComment`, `r`.`ResultImageFileName` IS NOT NULL, `r`.`CreatedAt`
      FROM `Requests` AS `r`
      INNER JOIN `Services` AS `s` ON `r`.`ServiceId` = `s`.`Id`
      WHERE `r`.`StudentId` = 11
      ORDER BY `r`.`CreatedAt` DESC
info: Microsoft.EntityFrameworkCore.Database.Command[20101]
      Executed DbCommand (1ms) [Parameters=[], CommandType='Text', CommandTimeout='30']
      SELECT `r`.`Id`, `r`.`ServiceId`, `s`.`Name`, `r`.`PhoneNumber`, `r`.`Grade`, `r`.`Address`, `r`.`Note`, `r`.`Status`, `r`.`AdminComment`, `r`.`ResultImageFileName` IS NOT NULL, `r`.`CreatedAt`
      FROM `Requests` AS `r`
      INNER JOIN `Services` AS `s` ON `r`.`ServiceId` = `s`.`Id`
      WHERE `r`.`StudentId` = 11
      ORDER BY `r`.`CreatedAt` DESC
info: Microsoft.EntityFrameworkCore.Database.Command[20101]
      Executed DbCommand (1ms) [Parameters=[], CommandType='Text', CommandTimeout='30']
      SELECT `r`.`Id`, `r`.`ServiceId`, `s`.`Name`, `r`.`PhoneNumber`, `r`.`Grade`, `r`.`Address`, `r`.`Note`, `r`.`Status`, `r`.`AdminComment`, `r`.`ResultImageFileName` IS NOT NULL, `r`.`CreatedAt`
      FROM `Requests` AS `r`
      INNER JOIN `Services` AS `s` ON `r`.`ServiceId` = `s`.`Id`
      WHERE `r`.`StudentId` = 11
      ORDER BY `r`.`CreatedAt` DESC
info: Microsoft.EntityFrameworkCore.Database.Command[20101]
      Executed DbCommand (1ms) [Parameters=[], CommandType='Text', CommandTimeout='30']
      SELECT `r`.`Id`, `r`.`ServiceId`, `s`.`Name`, `r`.`PhoneNumber`, `r`.`Grade`, `r`.`Address`, `r`.`Note`, `r`.`Status`, `r`.`AdminComment`, `r`.`ResultImageFileName` IS NOT NULL, `r`.`CreatedAt`
      FROM `Requests` AS `r`
      INNER JOIN `Services` AS `s` ON `r`.`ServiceId` = `s`.`Id`
      WHERE `r`.`StudentId` = 11
      ORDER BY `r`.`CreatedAt` DESC
info: Microsoft.EntityFrameworkCore.Database.Command[20101]
      Executed DbCommand (1ms) [Parameters=[], CommandType='Text', CommandTimeout='30']
      SELECT `r`.`Id`, `r`.`ServiceId`, `s`.`Name`, `r`.`PhoneNumber`, `r`.`Grade`, `r`.`Address`, `r`.`Note`, `r`.`Status`, `r`.`AdminComment`, `r`.`ResultImageFileName` IS NOT NULL, `r`.`CreatedAt`
      FROM `Requests` AS `r`
      INNER JOIN `Services` AS `s` ON `r`.`ServiceId` = `s`.`Id`
      WHERE `r`.`StudentId` = 11
      ORDER BY `r`.`CreatedAt` DESC
info: Microsoft.EntityFrameworkCore.Database.Command[20101]
      Executed DbCommand (1ms) [Parameters=[], CommandType='Text', CommandTimeout='30']
      SELECT `r`.`Id`, `r`.`ServiceId`, `s`.`Name`, `r`.`PhoneNumber`, `r`.`Grade`, `r`.`Address`, `r`.`Note`, `r`.`Status`, `r`.`AdminComment`, `r`.`ResultImageFileName` IS NOT NULL, `r`.`CreatedAt`
      FROM `Requests` AS `r`
      INNER JOIN `Services` AS `s` ON `r`.`ServiceId` = `s`.`Id`
      WHERE `r`.`StudentId` = 11
      ORDER BY `r`.`CreatedAt` DESC
info: Microsoft.EntityFrameworkCore.Database.Command[20101]
      Executed DbCommand (1ms) [Parameters=[], CommandType='Text', CommandTimeout='30']
      SELECT `r`.`Id`, `r`.`ServiceId`, `s`.`Name`, `r`.`PhoneNumber`, `r`.`Grade`, `r`.`Address`, `r`.`Note`, `r`.`Status`, `r`.`AdminComment`, `r`.`ResultImageFileName` IS NOT NULL, `r`.`CreatedAt`
      FROM `Requests` AS `r`
      INNER JOIN `Services` AS `s` ON `r`.`ServiceId` = `s`.`Id`
      WHERE `r`.`StudentId` = 11
      ORDER BY `r`.`CreatedAt` DESC
info: Microsoft.EntityFrameworkCore.Database.Command[20101]
      Executed DbCommand (2ms) [Parameters=[], CommandType='Text', CommandTimeout='30']
      SELECT `r`.`Id`, `r`.`ServiceId`, `s`.`Name`, `r`.`PhoneNumber`, `r`.`Grade`, `r`.`Address`, `r`.`Note`, `r`.`Status`, `r`.`AdminComment`, `r`.`ResultImageFileName` IS NOT NULL, `r`.`CreatedAt`
      FROM `Requests` AS `r`
      INNER JOIN `Services` AS `s` ON `r`.`ServiceId` = `s`.`Id`
      WHERE `r`.`StudentId` = 11
      ORDER BY `r`.`CreatedAt` DESC
info: Microsoft.EntityFrameworkCore.Database.Command[20101]
      Executed DbCommand (1ms) [Parameters=[], CommandType='Text', CommandTimeout='30']
      SELECT `r`.`Id`, `r`.`ServiceId`, `s`.`Name`, `r`.`PhoneNumber`, `r`.`Grade`, `r`.`Address`, `r`.`Note`, `r`.`Status`, `r`.`AdminComment`, `r`.`ResultImageFileName` IS NOT NULL, `r`.`CreatedAt`
      FROM `Requests` AS `r`
      INNER JOIN `Services` AS `s` ON `r`.`ServiceId` = `s`.`Id`
      WHERE `r`.`StudentId` = 11
      ORDER BY `r`.`CreatedAt` DESC
info: Microsoft.EntityFrameworkCore.Database.Command[20101]
      Executed DbCommand (0ms) [Parameters=[@__id_0='?' (DbType = Int32)], CommandType='Text', CommandTimeout='30']
      SELECT `r`.`Status`, `r`.`ResultImage`, `r`.`ResultImageContentType`, `r`.`ResultImageFileName`
      FROM `Requests` AS `r`
      WHERE (`r`.`Id` = @__id_0) AND (`r`.`StudentId` = 11)
      LIMIT 2
info: Microsoft.EntityFrameworkCore.Database.Command[20101]
      Executed DbCommand (1ms) [Parameters=[], CommandType='Text', CommandTimeout='30']
      SELECT `r`.`Id`, `r`.`ServiceId`, `s`.`Name`, `r`.`PhoneNumber`, `r`.`Grade`, `r`.`Address`, `r`.`Note`, `r`.`Status`, `r`.`AdminComment`, `r`.`ResultImageFileName` IS NOT NULL, `r`.`CreatedAt`
      FROM `Requests` AS `r`
      INNER JOIN `Services` AS `s` ON `r`.`ServiceId` = `s`.`Id`
      WHERE `r`.`StudentId` = 11
      ORDER BY `r`.`CreatedAt` DESC
info: Microsoft.EntityFrameworkCore.Database.Command[20101]
      Executed DbCommand (2ms) [Parameters=[], CommandType='Text', CommandTimeout='30']
      SELECT `r`.`Id`, `r`.`ServiceId`, `s`.`Name`, `r`.`PhoneNumber`, `r`.`Grade`, `r`.`Address`, `r`.`Note`, `r`.`Status`, `r`.`AdminComment`, `r`.`ResultImageFileName` IS NOT NULL, `r`.`CreatedAt`
      FROM `Requests` AS `r`
      INNER JOIN `Services` AS `s` ON `r`.`ServiceId` = `s`.`Id`
      WHERE `r`.`StudentId` = 11
      ORDER BY `r`.`CreatedAt` DESC
info: Microsoft.EntityFrameworkCore.Database.Command[20101]
      Executed DbCommand (2ms) [Parameters=[], CommandType='Text', CommandTimeout='30']
      SELECT `r`.`Id`, `r`.`ServiceId`, `s`.`Name`, `r`.`PhoneNumber`, `r`.`Grade`, `r`.`Address`, `r`.`Note`, `r`.`Status`, `r`.`AdminComment`, `r`.`ResultImageFileName` IS NOT NULL, `r`.`CreatedAt`
      FROM `Requests` AS `r`
      INNER JOIN `Services` AS `s` ON `r`.`ServiceId` = `s`.`Id`
      WHERE `r`.`StudentId` = 11
      ORDER BY `r`.`CreatedAt` DESC
info: Microsoft.EntityFrameworkCore.Database.Command[20101]
      Executed DbCommand (1ms) [Parameters=[], CommandType='Text', CommandTimeout='30']
      SELECT `r`.`Id`, `r`.`ServiceId`, `s`.`Name`, `r`.`PhoneNumber`, `r`.`Grade`, `r`.`Address`, `r`.`Note`, `r`.`Status`, `r`.`AdminComment`, `r`.`ResultImageFileName` IS NOT NULL, `r`.`CreatedAt`
      FROM `Requests` AS `r`
      INNER JOIN `Services` AS `s` ON `r`.`ServiceId` = `s`.`Id`
      WHERE `r`.`StudentId` = 11
      ORDER BY `r`.`CreatedAt` DESC
info: Microsoft.EntityFrameworkCore.Database.Command[20101]
      Executed DbCommand (1ms) [Parameters=[], CommandType='Text', CommandTimeout='30']
      SELECT `r`.`Id`, `r`.`ServiceId`, `s`.`Name`, `r`.`PhoneNumber`, `r`.`Grade`, `r`.`Address`, `r`.`Note`, `r`.`Status`, `r`.`AdminComment`, `r`.`ResultImageFileName` IS NOT NULL, `r`.`CreatedAt`
      FROM `Requests` AS `r`
      INNER JOIN `Services` AS `s` ON `r`.`ServiceId` = `s`.`Id`
      WHERE `r`.`StudentId` = 11
      ORDER BY `r`.`CreatedAt` DESC
info: Microsoft.EntityFrameworkCore.Database.Command[20101]
      Executed DbCommand (1ms) [Parameters=[], CommandType='Text', CommandTimeout='30']
      SELECT `r`.`Id`, `r`.`ServiceId`, `s`.`Name`, `r`.`PhoneNumber`, `r`.`Grade`, `r`.`Address`, `r`.`Note`, `r`.`Status`, `r`.`AdminComment`, `r`.`ResultImageFileName` IS NOT NULL, `r`.`CreatedAt`
      FROM `Requests` AS `r`
      INNER JOIN `Services` AS `s` ON `r`.`ServiceId` = `s`.`Id`
      WHERE `r`.`StudentId` = 11
      ORDER BY `r`.`CreatedAt` DESC
