info: Microsoft.EntityFrameworkCore.Database.Command[20101]
      Executed DbCommand (13ms) [Parameters=[], CommandType='Text', CommandTimeout='30']
      SELECT GET_LOCK('__school_paper_requests_EFMigrationsLock', 259200)
info: Microsoft.EntityFrameworkCore.Database.Command[20101]
      Executed DbCommand (1ms) [Parameters=[], CommandType='Text', CommandTimeout='30']
      CREATE TABLE IF NOT EXISTS `__EFMigrationsHistory` (
          `MigrationId` varchar(150) CHARACTER SET utf8mb4 NOT NULL,
          `ProductVersion` varchar(32) CHARACTER SET utf8mb4 NOT NULL,
          CONSTRAINT `PK___EFMigrationsHistory` PRIMARY KEY (`MigrationId`)
      ) CHARACTER SET=utf8mb4;
info: Microsoft.EntityFrameworkCore.Database.Command[20101]
      Executed DbCommand (6ms) [Parameters=[], CommandType='Text', CommandTimeout='30']
      SELECT 1 FROM INFORMATION_SCHEMA.TABLES WHERE TABLE_SCHEMA='school_paper_requests' AND TABLE_NAME='__EFMigrationsHistory';
info: Microsoft.EntityFrameworkCore.Database.Command[20101]
      Executed DbCommand (5ms) [Parameters=[], CommandType='Text', CommandTimeout='30']
      SELECT `MigrationId`, `ProductVersion`
      FROM `__EFMigrationsHistory`
      ORDER BY `MigrationId`;
info: Microsoft.EntityFrameworkCore.Migrations[20405]
      No migrations were applied. The database is already up to date.
info: Microsoft.EntityFrameworkCore.Database.Command[20101]
      Executed DbCommand (2ms) [Parameters=[], CommandType='Text', CommandTimeout='30']
      SELECT RELEASE_LOCK('__school_paper_requests_EFMigrationsLock')
info: Microsoft.EntityFrameworkCore.Database.Command[20101]
      Executed DbCommand (1ms) [Parameters=[], CommandType='Text', CommandTimeout='30']
      SELECT EXISTS (
          SELECT 1
          FROM `Users` AS `u`)
info: Microsoft.EntityFrameworkCore.Database.Command[20101]
      Executed DbCommand (1ms) [Parameters=[], CommandType='Text', CommandTimeout='30']
      SELECT EXISTS (
          SELECT 1
          FROM `Services` AS `s`)
info: Microsoft.Hosting.Lifetime[14]
      Now listening on: http://localhost:5001
info: Microsoft.Hosting.Lifetime[0]
      Application started. Press Ctrl+C to shut down.
info: Microsoft.Hosting.Lifetime[0]
      Hosting environment: Production
info: Microsoft.Hosting.Lifetime[0]
      Content root path: C:\Users\Admin\Desktop\web month 2\Backend
info: Microsoft.EntityFrameworkCore.Database.Command[20101]
      Executed DbCommand (2ms) [Parameters=[], CommandType='Text', CommandTimeout='30']
      SELECT `r`.`Id`, `r`.`ServiceId`, `s`.`Name`, `r`.`PhoneNumber`, `r`.`Grade`, `r`.`Address`, `r`.`Note`, `r`.`Status`, `r`.`AdminComment`, `r`.`CreatedAt`
      FROM `Requests` AS `r`
      INNER JOIN `Services` AS `s` ON `r`.`ServiceId` = `s`.`Id`
      WHERE `r`.`StudentId` = 11
      ORDER BY `r`.`CreatedAt` DESC
info: Microsoft.EntityFrameworkCore.Database.Command[20101]
      Executed DbCommand (2ms) [Parameters=[], CommandType='Text', CommandTimeout='30']
      SELECT `r`.`Id`, `r`.`ServiceId`, `s`.`Name`, `r`.`PhoneNumber`, `r`.`Grade`, `r`.`Address`, `r`.`Note`, `r`.`Status`, `r`.`AdminComment`, `r`.`CreatedAt`
      FROM `Requests` AS `r`
      INNER JOIN `Services` AS `s` ON `r`.`ServiceId` = `s`.`Id`
      WHERE `r`.`StudentId` = 11
      ORDER BY `r`.`CreatedAt` DESC
info: Microsoft.EntityFrameworkCore.Database.Command[20101]
      Executed DbCommand (2ms) [Parameters=[], CommandType='Text', CommandTimeout='30']
      SELECT `s`.`Id`, `s`.`Name`, `s`.`Description`
      FROM `Services` AS `s`
      ORDER BY `s`.`Name`
info: Microsoft.EntityFrameworkCore.Database.Command[20101]
      Executed DbCommand (1ms) [Parameters=[], CommandType='Text', CommandTimeout='30']
      SELECT `s`.`Id`, `s`.`Name`, `s`.`Description`
      FROM `Services` AS `s`
      ORDER BY `s`.`Name`
info: Microsoft.EntityFrameworkCore.Database.Command[20101]
      Executed DbCommand (55ms) [Parameters=[@__p_0='?' (DbType = Int32)], CommandType='Text', CommandTimeout='30']
      SELECT `s`.`Id`, `s`.`Description`, `s`.`Name`
      FROM `Services` AS `s`
      WHERE `s`.`Id` = @__p_0
      LIMIT 1
info: Microsoft.EntityFrameworkCore.Database.Command[20101]
      Executed DbCommand (11ms) [Parameters=[@p0='?' (Size = 300), @p1='?' (Size = 1000), @p2='?' (Size = 100), @p3='?' (DbType = DateTime), @p4='?' (Size = 50), @p5='?' (Size = 1000), @p6='?' (Size = 30), @p7='?' (DbType = Int32), @p8='?' (Size = 20), @p9='?' (DbType = Int32)], CommandType='Text', CommandTimeout='30']
      INSERT INTO `Requests` (`Address`, `AdminComment`, `CamundaProcessInstanceId`, `CreatedAt`, `Grade`, `Note`, `PhoneNumber`, `ServiceId`, `Status`, `StudentId`)
      VALUES (@p0, @p1, @p2, @p3, @p4, @p5, @p6, @p7, @p8, @p9);
      SELECT `Id`
      FROM `Requests`
      WHERE ROW_COUNT() = 1 AND `Id` = LAST_INSERT_ID();
info: System.Net.Http.HttpClient.IWorkflowService.LogicalHandler[100]
      Start processing HTTP request POST http://localhost:8080/engine-rest/process-definition/key/school-paper-request/start
info: System.Net.Http.HttpClient.IWorkflowService.ClientHandler[100]
      Sending HTTP request POST http://localhost:8080/engine-rest/process-definition/key/school-paper-request/start
info: System.Net.Http.HttpClient.IWorkflowService.ClientHandler[101]
      Received HTTP response headers after 123.4098ms - 200
info: System.Net.Http.HttpClient.IWorkflowService.LogicalHandler[101]
      End processing HTTP request after 146.0586ms - 200
info: Microsoft.EntityFrameworkCore.Database.Command[20101]
      Executed DbCommand (2ms) [Parameters=[@p1='?' (DbType = Int32), @p0='?' (Size = 100)], CommandType='Text', CommandTimeout='30']
      SET AUTOCOMMIT = 1;
      UPDATE `Requests` SET `CamundaProcessInstanceId` = @p0
      WHERE `Id` = @p1;
      SELECT ROW_COUNT();
info: Microsoft.EntityFrameworkCore.Database.Command[20101]
      Executed DbCommand (7ms) [Parameters=[], CommandType='Text', CommandTimeout='30']
      SELECT `r`.`Id`, `r`.`ServiceId`, `s`.`Name`, `r`.`PhoneNumber`, `r`.`Grade`, `r`.`Address`, `r`.`Note`, `r`.`Status`, `r`.`AdminComment`, `r`.`CreatedAt`
      FROM `Requests` AS `r`
      INNER JOIN `Services` AS `s` ON `r`.`ServiceId` = `s`.`Id`
      WHERE `r`.`StudentId` = 11
      ORDER BY `r`.`CreatedAt` DESC
info: Microsoft.EntityFrameworkCore.Database.Command[20101]
      Executed DbCommand (3ms) [Parameters=[], CommandType='Text', CommandTimeout='30']
      SELECT `r`.`Id`, `r`.`ServiceId`, `s`.`Name`, `r`.`PhoneNumber`, `r`.`Grade`, `r`.`Address`, `r`.`Note`, `r`.`Status`, `r`.`AdminComment`, `r`.`CreatedAt`
      FROM `Requests` AS `r`
      INNER JOIN `Services` AS `s` ON `r`.`ServiceId` = `s`.`Id`
      WHERE `r`.`StudentId` = 11
      ORDER BY `r`.`CreatedAt` DESC
info: Microsoft.EntityFrameworkCore.Database.Command[20101]
      Executed DbCommand (1ms) [Parameters=[], CommandType='Text', CommandTimeout='30']
      SELECT `r`.`Id`, `r`.`ServiceId`, `s`.`Name`, `r`.`PhoneNumber`, `r`.`Grade`, `r`.`Address`, `r`.`Note`, `r`.`Status`, `r`.`AdminComment`, `r`.`CreatedAt`
      FROM `Requests` AS `r`
      INNER JOIN `Services` AS `s` ON `r`.`ServiceId` = `s`.`Id`
      WHERE `r`.`StudentId` = 11
      ORDER BY `r`.`CreatedAt` DESC
info: Microsoft.EntityFrameworkCore.Database.Command[20101]
      Executed DbCommand (1ms) [Parameters=[], CommandType='Text', CommandTimeout='30']
      SELECT `r`.`Id`, `r`.`ServiceId`, `s`.`Name`, `r`.`PhoneNumber`, `r`.`Grade`, `r`.`Address`, `r`.`Note`, `r`.`Status`, `r`.`AdminComment`, `r`.`CreatedAt`
      FROM `Requests` AS `r`
      INNER JOIN `Services` AS `s` ON `r`.`ServiceId` = `s`.`Id`
      WHERE `r`.`StudentId` = 11
      ORDER BY `r`.`CreatedAt` DESC
info: Microsoft.EntityFrameworkCore.Database.Command[20101]
      Executed DbCommand (2ms) [Parameters=[], CommandType='Text', CommandTimeout='30']
      SELECT `s`.`Id`, `s`.`Name`, `s`.`Description`
      FROM `Services` AS `s`
      ORDER BY `s`.`Name`
info: Microsoft.EntityFrameworkCore.Database.Command[20101]
      Executed DbCommand (1ms) [Parameters=[], CommandType='Text', CommandTimeout='30']
      SELECT `s`.`Id`, `s`.`Name`, `s`.`Description`
      FROM `Services` AS `s`
      ORDER BY `s`.`Name`
